// Jest Snapshot v1, https://goo.gl/fbAQLP

exports[`Pruebas en <GIfItem> debe de hacer match con el snapshot 1`] = `
<div>
  <li
    class="card"
  >
    <img
      alt="Saitama"
      src="https://one-punch.com/saitama.jpg"
    />
    <p>
      Saitama
       
    </p>
  </li>
</div>
`;
